"blank"          				"=========================="
"blank"          				"SAVES & SAVESTATES"
"blank"          				"=========================="
"createsavestate"       			"create savestate"
"loadsavestate"         			"load savestate"
"save quicksave"      				"Create Quicksave 1"
"load quicksave"      				"Load Quicksave 1"
"save quicksave2"      				"Create Quicksave 2"
"load quicksave2"      				"Load Quicksave 2"
"save quicksave3"      				"Create Quicksave 3"
"load quicksave3"      				"Load Quicksave 3"
"save quicksave4"      				"create quicksave 4"
"load quicksave4"      				"load quicksave 4"
"save quicksave5"      				"Create Quicksave 5"
"load quicksave5"      				"Load Quicksave 5"
"blank"						"=========================="
"blank"						"RESETTING"
"blank"						"=========================="
"sr_reset_il"           			"Individual Level Reset"
"sr_reset_anypercent"   			"Any% Reset"
"sr_reset_allhelmets"   			"All Helmets Reset"
"resethelmets"          			"Reset Helmets"
"blank"						"=========================="
"blank"						"ANY% NO CUTSCENE SAVES"
"blank"						"=========================="
"loadncs1" 					"Load NCS Save 1"
"loadncs2"					"Load NCS Save 2"
"loadncs3"					"Load NCS Save 3"
"loadncs4"					"Load NCS Save 4"
"loadncs5"	 				"Load NCS Save 5"
"loadncs6"	 				"Load NCS Save 6"
"loadncs7"	 				"Load NCS Save 7"
"loadncs8"	 				"Load NCS Save 8"
"loadncs9"	 				"Load NCS Save 9"
"loadahncs2" 					"Load All Helms NCS 1"
"loadahncs5" 					"Load All Helms NCS 2"
"blank"							"=========================="
"blank"							"MISCELLANEOUS SPEEDRUN STUFF"
"blank"							"=========================="
"toggleconsole"					"Toggle Developer Console"
"toggle host_timescale 0.05 1"	"0.05x Timescale"
"toggle host_timescale 0.2 1"	"0.2x Timescale"
"toggle host_timescale 5 1"		"5x Timescale"
"blank"							"=========================="
"blank"							"TAS"
"blank"							"=========================="
"taslurch" 						"Lurch Macro"
"tasbumplaunch"					"Bump Launch Macro"
"tassurfstop"					"Surf Stop Macro"
